---
source: crates/vize_canon/src/batch/executor/diagnostics.rs
expression: diagnostics
---
[
    Diagnostic {
        file: "/workspace/src/App.vue.ts",
        line: 3,
        column: 5,
        message: "Type 'string' is not assignable to type 'number'.",
        code: Some(
            2322,
        ),
        severity: 1,
        block_type: None,
    },
]
