---
source: crates/vize_atelier_jsx/src/compile/tests.rs
expression: module
---
import { toDisplayString as _toDisplayString, openBlock as _openBlock, createElementBlock as _createElementBlock } from "vue"

const A = () => (() => {
return ((_ctx, _cache) => {
  return (_openBlock(), _createElementBlock("div", null, _toDisplayString(x), 1 /* TEXT */))
})(undefined, [])
})();
